
> remixable-template@1.0.0 build
> next build

  Γû▓ Next.js 14.2.35
  - Environments: .env.local

   Creating an optimized production build ...
 Γ£ô Compiled successfully
   Skipping validation of types
   Skipping linting
   Collecting page data ...
node.exe : 
At line:1 char:1
+ & "C:\Program Files\
nodejs/node.exe" 
"C:\Program 
Files\nodejs/node_mo 
...
+ ~~~~~~~~~~~~~~~~~~~~
~~~~~~~~~~~~~~~~~~~~~~
~~~~~~~~~~~~~~~~~~~~~~
~~~~~
    + CategoryInfo    
          : NotSpeci  
  fied: (:String) [   
 ], RemoteExceptio    
n
    + FullyQualifiedE 
   rrorId : NativeCo  
  mmandError
 
> Build error occurred
Error: Page "/studio/[
[...index]]" is 
missing "generateStati
cParams()" so it 
cannot be used with 
"output: export" 
config.
    at C:\Users\Mihika
\OneDrive\Desktop\Suni
el_Gupta\node_modules\
next\dist\build\index.
js:1297:59
    at process.process
TicksAndRejections (no
de:internal/process/ta
sk_queues:103:5)
    at async 
Span.traceAsyncFn (C:\
Users\Mihika\OneDrive\
Desktop\Suniel_Gupta\n
ode_modules\next\dist\
trace\trace.js:154:20)
    at async 
Promise.all (index 6)
    at async C:\Users\
Mihika\OneDrive\Deskto
p\Suniel_Gupta\node_mo
dules\next\dist\build\
index.js:1175:17
    at async 
Span.traceAsyncFn (C:\
Users\Mihika\OneDrive\
Desktop\Suniel_Gupta\n
ode_modules\next\dist\
trace\trace.js:154:20)
    at async C:\Users\
Mihika\OneDrive\Deskto
p\Suniel_Gupta\node_mo
dules\next\dist\build\
index.js:1098:124
    at async 
Span.traceAsyncFn (C:\
Users\Mihika\OneDrive\
Desktop\Suniel_Gupta\n
ode_modules\next\dist\
trace\trace.js:154:20)
    at async build (C:
\Users\Mihika\OneDrive
\Desktop\Suniel_Gupta\
node_modules\next\dist
\build\index.js:368:9)
