
> remixable-template@1.0.0 build
> next build

  Γû▓ Next.js 14.2.35
  - Environments: .env.local

   Creating an optimized production build ...
node.exe : Failed to 
compile.
At line:1 char:1
+ & "C:\Program Files\
nodejs/node.exe" 
"C:\Program 
Files\nodejs/node_mo 
...
+ ~~~~~~~~~~~~~~~~~~~~
~~~~~~~~~~~~~~~~~~~~~~
~~~~~~~~~~~~~~~~~~~~~~
~~~~~
    + CategoryInfo    
          : NotSpeci  
  fied: (Failed to    
 compile.:String)     
[], RemoteExcepti    
on
    + FullyQualifiedE 
   rrorId : NativeCo  
  mmandError
 

./app/studio/[[...inde
x]]/page.tsx
Module not found: 
Package path 
./next-studio is not 
exported from package 
C:\Users\Mihika\OneDri
ve\Desktop\Suniel_Gupt
a\node_modules\sanity 
(see exports field in 
C:\Users\Mihika\OneDri
ve\Desktop\Suniel_Gupt
a\node_modules\sanity\
package.json)

https://nextjs.org/doc
s/messages/module-not-
found


> Build failed 
because of webpack 
errors
