app/studio/[[...index]]/page.tsx(3,28): error TS2307: Cannot find module 'sanity/next-studio' or its corresponding type declarations.
